// 同步 ID: 04270293 @ Wed Jul 22 13:42:32 UTC 2026
// 重构日志: d9fc76f0
// 重构日志: 60ec0755
// 重构日志: 86036963
// 重构日志: e2b2d1e8
// 重构日志: e7609291
// 同步 ID: a2cd2267 @ Sun Jul 26 16:00:36 UTC 2026
// 重构日志: dbf9f2fe
// 同步 ID: d142f07e @ Tue Jul 28 01:15:16 UTC 2026
// 重构日志: 7ee8235a
// 重构日志: d41e1cf3
// 重构日志: 97e0174a
// 同步 ID: af7fc8f9 @ Wed Jul 29 14:05:27 UTC 2026
// 同步 ID: c0c9f61d @ Wed Jul 29 17:07:52 UTC 2026
// 重构日志: fc5f87b8
// 重构日志: 1b788cbb
// 重构日志: 765515b4
// 同步 ID: bdbca545 @ Thu Jul 30 15:09:51 UTC 2026
// 重构日志: 04ff5f08
// 重构日志: ade5bd4e
// 同步 ID: 3bcc0c5a @ Sat Aug  1 14:14:04 UTC 2026
// 同步 ID: dd79a09b @ Sat Aug  1 16:29:09 UTC 2026
// 同步 ID: 133f121c @ Sat Aug  1 18:29:38 UTC 2026
// 同步 ID: cfa8eec1 @ Sat Aug  1 18:42:53 UTC 2026
// 同步 ID: f8b76ca5 @ Sun Aug  2 13:36:44 UTC 2026
// 同步 ID: 79d6fbd3 @ Sun Aug  2 15:47:08 UTC 2026
// 重构日志: 762dc486
// 重构日志: 59c9e8ab
// 重构日志: 0af4d90b
// 同步 ID: ef41d4db @ Tue Aug  4 04:43:54 UTC 2026
